python : Picked up JAVA_TOOL_OPTIONS: --ad
d-opens=java.base/javax.security.auth=ALL-
UNNAMED --add-opens=java.base/java.lang=AL
L-UNNAMED --add-opens=java.base/java.lang.
invoke=ALL-UNNAMED 
--add-opens=java.base/java.io=ALL-UNNAMED 
--add-opens=java.base/java.net=ALL-UNNAMED
 --add-opens=java.base/java.nio=ALL-UNNAME
D --add-opens=java.base/java.util=ALL-UNNA
MED --add-opens=java.base/java.util.concur
rent=ALL-UNNAMED --add-opens=java.base/jav
a.util.concurrent.atomic=ALL-UNNAMED --add
-opens=java.base/sun.nio.ch=ALL-UNNAMED --
add-opens=java.base/sun.nio.cs=ALL-UNNAMED
 --add-opens=java.base/sun.util.calendar=A
LL-UNNAMED --add-opens=java.security.jgss/
sun.security.krb5=ALL-UNNAMED 
--enable-native-access=ALL-UNNAMED 
-Dhadoop.security.authentication=simple 
-Djdk.reflect.useDirectMethodHandle=false 
-Dhadoop.home.dir=D:\hadoop 
-Djava.library.path=D:\hadoop\bin
At line:1 char:1
+ python spark_stream.py 2>&1 | Out-File 
"D:\spark-log-monitor\spark_er ...
+ ~~~~~~~~~~~~~~~~~~~~~~~~~~~
    + CategoryInfo          : 
NotSpecified: (    Picked up 
JAVA_...h=D:\hadoop\bin:String)     [], 
RemoteException
    + FullyQualifiedErrorId : 
NativeCommandEr    ror
 
Picked up JAVA_TOOL_OPTIONS: --add-opens=j
ava.base/javax.security.auth=ALL-UNNAMED -
-add-opens=java.base/java.lang=ALL-UNNAMED
 --add-opens=java.base/java.lang.invoke=AL
L-UNNAMED 
--add-opens=java.base/java.io=ALL-UNNAMED 
--add-opens=java.base/java.net=ALL-UNNAMED
 --add-opens=java.base/java.nio=ALL-UNNAME
D --add-opens=java.base/java.util=ALL-UNNA
MED --add-opens=java.base/java.util.concur
rent=ALL-UNNAMED --add-opens=java.base/jav
a.util.concurrent.atomic=ALL-UNNAMED --add
-opens=java.base/sun.nio.ch=ALL-UNNAMED --
add-opens=java.base/sun.nio.cs=ALL-UNNAMED
 --add-opens=java.base/sun.util.calendar=A
LL-UNNAMED --add-opens=java.security.jgss/
sun.security.krb5=ALL-UNNAMED 
--enable-native-access=ALL-UNNAMED 
-Dhadoop.security.authentication=simple 
-Djdk.reflect.useDirectMethodHandle=false 
-Dhadoop.home.dir=D:\hadoop 
-Djava.library.path=D:\hadoop\bin
Setting default log level to "WARN".
To adjust logging level use 
sc.setLogLevel(newLevel). For SparkR, use 
setLogLevel(newLevel).

[Stage 0:>                                
                        (0 + 8) / 531]

[Stage 0:>               (0 + 11) / 
531][Stage 1:>                (0 + 0) / 
531]

[Stage 0:>               (25 + 9) / 
531][Stage 1:>                (0 + 0) / 
531]

[Stage 0:=>              (53 + 8) / 
531][Stage 1:>                (0 + 0) / 
531]

[Stage 0:==>             (78 + 9) / 
531][Stage 1:>                (0 + 0) / 
531]

[Stage 0:===>           (113 + 8) / 
531][Stage 1:>                (0 + 0) / 
531]

[Stage 0:===>          (149 + 10) / 
531][Stage 1:>                (0 + 0) / 
531]

[Stage 0:=====>         (188 + 8) / 
531][Stage 1:>                (0 + 0) / 
531]

[Stage 0:======>        (216 + 8) / 
531][Stage 1:>                (0 + 0) / 
531]

[Stage 0:=======>       (262 + 8) / 
531][Stage 1:>                (0 + 0) / 
531]

[Stage 0:========>     (314 + 10) / 
531][Stage 1:>                (0 + 0) / 
531]

[Stage 0:========>     (333 + 13) / 
531][Stage 1:>                (0 + 0) / 
531]

[Stage 0:=========>    (360 + 10) / 
531][Stage 1:>                (0 + 0) / 
531]

[Stage 0:==========>    (386 + 8) / 
531][Stage 1:>                (0 + 0) / 
531]

[Stage 0:===========>   (413 + 9) / 
531][Stage 1:>                (0 + 0) / 
531]

[Stage 0:===========>  (433 + 13) / 
531][Stage 1:>                (0 + 0) / 
531]

[Stage 0:=============> (468 + 8) / 
531][Stage 1:>                (0 + 0) / 
531]

[Stage 0:==============>(511 + 9) / 
531][Stage 1:>                (0 + 0) / 
531]

                                          
                                      

[Stage 1:==============>                  
                     (145 + 10) / 531]

[Stage 1:===================>             
                      (187 + 9) / 531]

[Stage 1:=========================>       
                     (246 + 13) / 531]

[Stage 1:===============================> 
                      (304 + 8) / 531]

[Stage 
1:====================================>   
               (348 + 8) / 531]

[Stage 1:=================================
========>            (406 + 10) / 531]

[Stage 1:=================================
==============>       (462 + 8) / 531]

[Stage 1:=================================
====================> (517 + 8) / 531]

                                          
                                      

[Stage 2:>                 (0 + 8) / 
17][Stage 4:>                 (0 + 0) / 
17]

[Stage 2:=>                (1 + 8) / 
17][Stage 4:>                 (0 + 0) / 
17]

[Stage 2:==>               (2 + 8) / 
17][Stage 4:>                 (0 + 0) / 
17]

[Stage 2:===>              (3 + 8) / 
17][Stage 4:>                 (0 + 0) / 
17]

[Stage 2:====>             (4 + 8) / 
17][Stage 4:>                 (0 + 0) / 
17]

[Stage 2:=====>            (5 + 8) / 
17][Stage 4:>                 (0 + 0) / 
17]

[Stage 2:=========>        (9 + 8) / 
17][Stage 4:>                 (0 + 0) / 
17]

[Stage 2:==========>      (10 + 7) / 
17][Stage 4:>                 (0 + 1) / 
17]

[Stage 2:===========>     (11 + 6) / 
17][Stage 4:>                 (0 + 2) / 
17]

[Stage 2:=============>   (13 + 4) / 
17][Stage 4:>                 (0 + 4) / 
17]

[Stage 2:==============>  (14 + 3) / 
17][Stage 4:>                 (0 + 5) / 
17]

[Stage 2:===============> (15 + 2) / 
17][Stage 4:==>               (2 + 6) / 
17]

[Stage 2:===============> (15 + 2) / 
17][Stage 4:====>             (4 + 6) / 
17]

[Stage 4:=======================>         
                         (7 + 9) / 17]

[Stage 3:>                                
                        (0 + 8) / 200]

[Stage 3:>                (0 + 8) / 
200][Stage 5:>                (0 + 0) / 
200]

[Stage 3:>                (4 + 8) / 
200][Stage 5:>                (0 + 0) / 
200]

[Stage 3:>                (7 + 8) / 
200][Stage 5:>                (0 + 0) / 
200]

[Stage 3:>                (8 + 8) / 
200][Stage 5:>                (0 + 0) / 
200]

[Stage 3:>                (9 + 8) / 
200][Stage 5:>                (0 + 0) / 
200]

[Stage 3:>              (11 + 10) / 
200][Stage 5:>                (0 + 0) / 
200]

[Stage 3:=>              (16 + 8) / 
200][Stage 5:>                (0 + 0) / 
200]

[Stage 3:=>              (18 + 8) / 
200][Stage 5:>                (0 + 0) / 
200]

[Stage 3:=>              (22 + 8) / 
200][Stage 5:>                (0 + 0) / 
200]

[Stage 3:=>              (24 + 8) / 
200][Stage 5:>                (0 + 0) / 
200]

[Stage 3:==>             (26 + 8) / 
200][Stage 5:>                (0 + 0) / 
200]

[Stage 3:==>             (28 + 8) / 
200][Stage 5:>                (0 + 0) / 
200]

[Stage 3:==>             (32 + 8) / 
200][Stage 5:>                (0 + 0) / 
200]

[Stage 3:==>             (33 + 8) / 
200][Stage 5:>                (0 + 0) / 
200]

[Stage 3:==>             (35 + 8) / 
200][Stage 5:>                (0 + 0) / 
200]

[Stage 3:===>            (40 + 8) / 
200][Stage 5:>                (0 + 0) / 
200]

[Stage 3:===>            (41 + 8) / 
200][Stage 5:>                (0 + 0) / 
200]

[Stage 3:===>            (44 + 8) / 
200][Stage 5:>                (0 + 0) / 
200]

[Stage 3:===>            (47 + 8) / 
200][Stage 5:>                (0 + 0) / 
200]

[Stage 3:===>            (48 + 8) / 
200][Stage 5:>                (0 + 0) / 
200]

[Stage 3:===>            (49 + 8) / 
200][Stage 5:>                (0 + 0) / 
200]

[Stage 3:====>           (50 + 8) / 
200][Stage 5:>                (0 + 0) / 
200]

[Stage 3:====>           (55 + 8) / 
200][Stage 5:>                (0 + 0) / 
200]

[Stage 3:====>           (56 + 8) / 
200][Stage 5:>                (0 + 0) / 
200]

[Stage 3:====>           (58 + 8) / 
200][Stage 5:>                (0 + 0) / 
200]

[Stage 3:=====>          (64 + 8) / 
200][Stage 5:>                (0 + 0) / 
200]

[Stage 3:=====>          (65 + 8) / 
200][Stage 5:>                (0 + 0) / 
200]

[Stage 3:=====>          (66 + 8) / 
200][Stage 5:>                (0 + 0) / 
200]

[Stage 3:=====>          (71 + 8) / 
200][Stage 5:>                (0 + 0) / 
200]

[Stage 3:=====>          (72 + 8) / 
200][Stage 5:>                (0 + 0) / 
200]

[Stage 3:=====>          (73 + 8) / 
200][Stage 5:>                (0 + 0) / 
200]

[Stage 3:======>         (75 + 8) / 
200][Stage 5:>                (0 + 0) / 
200]

[Stage 3:======>         (79 + 8) / 
200][Stage 5:>                (0 + 0) / 
200]

[Stage 3:======>         (80 + 8) / 
200][Stage 5:>                (0 + 0) / 
200]

[Stage 3:======>         (81 + 8) / 
200][Stage 5:>                (0 + 0) / 
200]

[Stage 3:======>         (83 + 8) / 
200][Stage 5:>                (0 + 0) / 
200]

[Stage 3:======>         (86 + 8) / 
200][Stage 5:>                (0 + 0) / 
200]

[Stage 3:=======>        (88 + 8) / 
200][Stage 5:>                (0 + 0) / 
200]

[Stage 3:=======>        (89 + 8) / 
200][Stage 5:>                (0 + 0) / 
200]

[Stage 3:=======>        (91 + 8) / 
200][Stage 5:>                (0 + 0) / 
200]

[Stage 3:=======>        (94 + 8) / 
200][Stage 5:>                (0 + 0) / 
200]

[Stage 3:=======>        (96 + 8) / 
200][Stage 5:>                (0 + 0) / 
200]

[Stage 3:=======>        (97 + 8) / 
200][Stage 5:>                (0 + 0) / 
200]

[Stage 3:=======>        (98 + 8) / 
200][Stage 5:>                (0 + 0) / 
200]

[Stage 3:=======>       (102 + 8) / 
200][Stage 5:>                (0 + 0) / 
200]

[Stage 3:=======>       (103 + 8) / 
200][Stage 5:>                (0 + 0) / 
200]

[Stage 3:=======>       (104 + 8) / 
200][Stage 5:>                (0 + 0) / 
200]

[Stage 3:=======>       (106 + 8) / 
200][Stage 5:>                (0 + 0) / 
200]

[Stage 3:========>      (109 + 8) / 
200][Stage 5:>                (0 + 0) / 
200]

[Stage 3:========>      (111 + 8) / 
200][Stage 5:>                (0 + 0) / 
200]

[Stage 3:========>      (112 + 8) / 
200][Stage 5:>                (0 + 0) / 
200]

[Stage 3:========>      (114 + 8) / 
200][Stage 5:>                (0 + 0) / 
200]

[Stage 3:========>      (118 + 8) / 
200][Stage 5:>                (0 + 0) / 
200]

[Stage 3:========>      (119 + 8) / 
200][Stage 5:>                (0 + 0) / 
200]

[Stage 3:=========>     (120 + 8) / 
200][Stage 5:>                (0 + 0) / 
200]

[Stage 3:=========>     (122 + 8) / 
200][Stage 5:>                (0 + 0) / 
200]

[Stage 3:=========>     (123 + 8) / 
200][Stage 5:>                (0 + 0) / 
200]

[Stage 3:=========>     (126 + 8) / 
200][Stage 5:>                (0 + 0) / 
200]

[Stage 3:=========>     (128 + 8) / 
200][Stage 5:>                (0 + 0) / 
200]

[Stage 3:=========>     (130 + 8) / 
200][Stage 5:>                (0 + 0) / 
200]

[Stage 3:=========>     (133 + 8) / 
200][Stage 5:>                (0 + 0) / 
200]

[Stage 3:==========>    (134 + 8) / 
200][Stage 5:>                (0 + 0) / 
200]

[Stage 3:==========>    (136 + 8) / 
200][Stage 5:>                (0 + 0) / 
200]

[Stage 3:==========>    (137 + 8) / 
200][Stage 5:>                (0 + 0) / 
200]

[Stage 3:==========>    (141 + 8) / 
200][Stage 5:>                (0 + 0) / 
200]

[Stage 3:==========>    (142 + 8) / 
200][Stage 5:>                (0 + 0) / 
200]

[Stage 3:==========>    (143 + 8) / 
200][Stage 5:>                (0 + 0) / 
200]

[Stage 3:==========>    (144 + 8) / 
200][Stage 5:>                (0 + 0) / 
200]

[Stage 3:==========>    (145 + 8) / 
200][Stage 5:>                (0 + 0) / 
200]

[Stage 3:===========>   (149 + 8) / 
200][Stage 5:>                (0 + 0) / 
200]

[Stage 3:===========>   (150 + 8) / 
200][Stage 5:>                (0 + 0) / 
200]

[Stage 3:===========>   (152 + 8) / 
200][Stage 5:>                (0 + 0) / 
200]

[Stage 3:===========>   (154 + 8) / 
200][Stage 5:>                (0 + 0) / 
200]

[Stage 3:===========>   (157 + 8) / 
200][Stage 5:>                (0 + 0) / 
200]

[Stage 3:===========>   (159 + 8) / 
200][Stage 5:>                (0 + 0) / 
200]

[Stage 3:============>  (160 + 8) / 
200][Stage 5:>                (0 + 0) / 
200]

[Stage 3:============>  (164 + 8) / 
200][Stage 5:>                (0 + 0) / 
200]

[Stage 3:============>  (166 + 8) / 
200][Stage 5:>                (0 + 0) / 
200]

[Stage 3:============>  (167 + 8) / 
200][Stage 5:>                (0 + 0) / 
200]

[Stage 3:============>  (167 + 9) / 
200][Stage 5:>                (0 + 0) / 
200]

[Stage 3:============>  (170 + 8) / 
200][Stage 5:>                (0 + 0) / 
200]

[Stage 3:=============> (174 + 8) / 
200][Stage 5:>                (0 + 0) / 
200]

[Stage 3:=============> (175 + 8) / 
200][Stage 5:>                (0 + 0) / 
200]

[Stage 3:=============> (176 + 8) / 
200][Stage 5:>                (0 + 0) / 
200]

[Stage 3:=============> (179 + 8) / 
200][Stage 5:>                (0 + 0) / 
200]

[Stage 3:=============> (182 + 8) / 
200][Stage 5:>                (0 + 0) / 
200]

[Stage 3:=============> (183 + 8) / 
200][Stage 5:>                (0 + 0) / 
200]

[Stage 3:=============> (185 + 8) / 
200][Stage 5:>                (0 + 0) / 
200]

[Stage 3:==============>(189 + 8) / 
200][Stage 5:>                (0 + 0) / 
200]

[Stage 3:==============>(190 + 8) / 
200][Stage 5:>                (0 + 0) / 
200]

[Stage 3:==============>(191 + 8) / 
200][Stage 5:>                (0 + 0) / 
200]

[Stage 3:==============>(192 + 8) / 
200][Stage 5:>                (0 + 0) / 
200]

[Stage 3:==============>(195 + 5) / 
200][Stage 5:>                (0 + 3) / 
200]

[Stage 3:==============>(198 + 2) / 
200][Stage 5:>                (0 + 6) / 
200]

[Stage 3:==============>(199 + 1) / 
200][Stage 5:>                (0 + 7) / 
200]

                                          
                                      

[Stage 5:>                                
                        (0 + 8) / 200]

[Stage 5:>                (0 + 8) / 
200][Stage 7:>                (0 + 0) / 
200]

[Stage 5:>                (2 + 8) / 
200][Stage 7:>                (0 + 0) / 
200]

[Stage 5:>                (8 + 8) / 
200][Stage 7:>                (0 + 0) / 
200]

[Stage 5:=>              (15 + 8) / 
200][Stage 7:>                (0 + 0) / 
200]

[Stage 5:=>              (16 + 8) / 
200][Stage 7:>                (0 + 0) / 
200]

[Stage 5:=>              (18 + 8) / 
200][Stage 7:>                (0 + 0) / 
200]

[Stage 5:=>              (24 + 8) / 
200][Stage 7:>                (0 + 0) / 
200]

[Stage 5:==>             (30 + 8) / 
200][Stage 7:>                (0 + 0) / 
200]

[Stage 5:==>             (32 + 8) / 
200][Stage 7:>                (0 + 0) / 
200]

[Stage 5:==>             (34 + 8) / 
200][Stage 7:>                (0 + 0) / 
200]

[Stage 5:===>            (40 + 8) / 
200][Stage 7:>                (0 + 0) / 
200]

[Stage 5:===>            (42 + 9) / 
200][Stage 7:>                (0 + 0) / 
200]

[Stage 5:===>            (48 + 8) / 
200][Stage 7:>                (0 + 0) / 
200]

[Stage 5:====>           (53 + 8) / 
200][Stage 7:>                (0 + 0) / 
200]

[Stage 5:====>           (56 + 8) / 
200][Stage 7:>                (0 + 0) / 
200]

[Stage 5:====>           (58 + 8) / 
200][Stage 7:>                (0 + 0) / 
200]

[Stage 5:=====>          (63 + 8) / 
200][Stage 7:>                (0 + 0) / 
200]

[Stage 5:=====>          (64 + 8) / 
200][Stage 7:>                (0 + 0) / 
200]

[Stage 5:=====>          (70 + 8) / 
200][Stage 7:>                (0 + 0) / 
200]

[Stage 5:=====>          (72 + 8) / 
200][Stage 7:>                (0 + 0) / 
200]

[Stage 5:=====>          (72 + 9) / 
200][Stage 7:>                (0 + 0) / 
200]

[Stage 5:======>         (80 + 8) / 
200][Stage 7:>                (0 + 0) / 
200]

[Stage 5:======>         (85 + 8) / 
200][Stage 7:>                (0 + 0) / 
200]

[Stage 5:=======>        (88 + 8) / 
200][Stage 7:>                (0 + 0) / 
200]

[Stage 5:=======>        (95 + 8) / 
200][Stage 7:>                (0 + 0) / 
200]

[Stage 5:=======>        (96 + 8) / 
200][Stage 7:>                (0 + 0) / 
200]

[Stage 5:=======>       (100 + 8) / 
200][Stage 7:>                (0 + 0) / 
200]

[Stage 5:=======>       (104 + 8) / 
200][Stage 7:>                (0 + 0) / 
200]

[Stage 5:========>      (107 + 8) / 
200][Stage 7:>                (0 + 0) / 
200]

[Stage 5:========>      (112 + 8) / 
200][Stage 7:>                (0 + 0) / 
200]

[Stage 5:========>      (113 + 8) / 
200][Stage 7:>                (0 + 0) / 
200]

[Stage 5:========>      (117 + 8) / 
200][Stage 7:>                (0 + 0) / 
200]

[Stage 5:=========>     (120 + 8) / 
200][Stage 7:>                (0 + 0) / 
200]

[Stage 5:=========>     (121 + 8) / 
200][Stage 7:>                (0 + 0) / 
200]

[Stage 5:=========>     (124 + 8) / 
200][Stage 7:>                (0 + 0) / 
200]

[Stage 5:=========>     (128 + 8) / 
200][Stage 7:>                (0 + 0) / 
200]

[Stage 5:=========>     (130 + 8) / 
200][Stage 7:>                (0 + 0) / 
200]

[Stage 5:==========>    (134 + 8) / 
200][Stage 7:>                (0 + 0) / 
200]

[Stage 5:==========>    (136 + 8) / 
200][Stage 7:>                (0 + 0) / 
200]

[Stage 5:==========>    (138 + 8) / 
200][Stage 7:>                (0 + 0) / 
200]

[Stage 5:==========>    (142 + 8) / 
200][Stage 7:>                (0 + 0) / 
200]

[Stage 5:==========>    (144 + 8) / 
200][Stage 7:>                (0 + 0) / 
200]

[Stage 5:===========>   (147 + 8) / 
200][Stage 7:>                (0 + 0) / 
200]

[Stage 5:===========>   (151 + 8) / 
200][Stage 7:>                (0 + 0) / 
200]

[Stage 5:===========>   (152 + 8) / 
200][Stage 7:>                (0 + 0) / 
200]

[Stage 5:===========>   (156 + 8) / 
200][Stage 7:>                (0 + 0) / 
200]

[Stage 5:===========>   (159 + 8) / 
200][Stage 7:>                (0 + 0) / 
200]

[Stage 5:============>  (160 + 8) / 
200][Stage 7:>                (0 + 0) / 
200]

[Stage 5:============>  (161 + 8) / 
200][Stage 7:>                (0 + 0) / 
200]

[Stage 5:============>  (166 + 8) / 
200][Stage 7:>                (0 + 0) / 
200]

[Stage 5:============>  (168 + 8) / 
200][Stage 7:>                (0 + 0) / 
200]

[Stage 5:============>  (170 + 8) / 
200][Stage 7:>                (0 + 0) / 
200]

[Stage 5:============>  (173 + 8) / 
200][Stage 7:>                (0 + 0) / 
200]

[Stage 5:=============> (174 + 8) / 
200][Stage 7:>                (0 + 0) / 
200]

[Stage 5:=============> (176 + 8) / 
200][Stage 7:>                (0 + 0) / 
200]

[Stage 5:=============> (177 + 8) / 
200][Stage 7:>                (0 + 0) / 
200]

[Stage 5:=============> (181 + 8) / 
200][Stage 7:>                (0 + 0) / 
200]

[Stage 5:=============> (184 + 8) / 
200][Stage 7:>                (0 + 0) / 
200]

[Stage 5:=============> (185 + 8) / 
200][Stage 7:>                (0 + 0) / 
200]

[Stage 5:==============>(187 + 8) / 
200][Stage 7:>                (0 + 0) / 
200]

[Stage 5:==============>(189 + 8) / 
200][Stage 7:>                (0 + 0) / 
200]

[Stage 5:==============>(191 + 8) / 
200][Stage 7:>                (0 + 0) / 
200]

[Stage 5:==============>(192 + 8) / 
200][Stage 7:>                (0 + 0) / 
200]

[Stage 5:==============>(195 + 5) / 
200][Stage 7:>                (0 + 3) / 
200]

[Stage 5:==============>(196 + 4) / 
200][Stage 7:>                (0 + 4) / 
200]

[Stage 5:==============>(198 + 2) / 
200][Stage 7:>                (0 + 6) / 
200]

                                          
                                      

[Stage 7:>                (1 + 8) / 
200][Stage 10:>               (0 + 0) / 
200]

[Stage 7:>                (5 + 8) / 
200][Stage 10:>               (0 + 0) / 
200]

[Stage 7:>                (6 + 8) / 
200][Stage 10:>               (0 + 0) / 
200]

[Stage 7:>                (8 + 8) / 
200][Stage 10:>               (0 + 0) / 
200]

[Stage 7:>               (12 + 8) / 
200][Stage 10:>               (0 + 0) / 
200]

[Stage 7:=>              (14 + 8) / 
200][Stage 10:>               (0 + 0) / 
200]

[Stage 7:=>              (16 + 8) / 
200][Stage 10:>               (0 + 0) / 
200]

[Stage 7:=>              (17 + 9) / 
200][Stage 10:>               (0 + 0) / 
200]

[Stage 7:=>              (22 + 8) / 
200][Stage 10:>               (0 + 0) / 
200]

[Stage 7:=>              (23 + 8) / 
200][Stage 10:>               (0 + 0) / 
200]

[Stage 7:=>              (24 + 8) / 
200][Stage 10:>               (0 + 0) / 
200]

[Stage 7:==>             (28 + 8) / 
200][Stage 10:>               (0 + 0) / 
200]

[Stage 7:==>             (30 + 8) / 
200][Stage 10:>               (0 + 0) / 
200]

[Stage 7:==>             (32 + 8) / 
200][Stage 10:>               (0 + 0) / 
200]

[Stage 7:==>             (33 + 8) / 
200][Stage 10:>               (0 + 0) / 
200]

[Stage 7:==>             (37 + 8) / 
200][Stage 10:>               (0 + 0) / 
200]

[Stage 7:===>            (38 + 8) / 
200][Stage 10:>               (0 + 0) / 
200]

[Stage 7:===>            (39 + 8) / 
200][Stage 10:>               (0 + 0) / 
200]

[Stage 7:===>            (40 + 8) / 
200][Stage 10:>               (0 + 0) / 
200]

[Stage 7:===>            (44 + 8) / 
200][Stage 10:>               (0 + 0) / 
200]

[Stage 7:===>            (46 + 8) / 
200][Stage 10:>               (0 + 0) / 
200]

[Stage 7:===>            (48 + 8) / 
200][Stage 10:>               (0 + 0) / 
200]

[Stage 7:====>           (50 + 8) / 
200][Stage 10:>               (0 + 0) / 
200]

[Stage 7:====>           (54 + 8) / 
200][Stage 10:>               (0 + 0) / 
200]

[Stage 7:====>           (56 + 8) / 
200][Stage 10:>               (0 + 0) / 
200]

[Stage 7:====>           (59 + 8) / 
200][Stage 10:>               (0 + 0) / 
200]

[Stage 7:====>           (62 + 8) / 
200][Stage 10:>               (0 + 0) / 
200]

[Stage 7:=====>          (63 + 8) / 
200][Stage 10:>               (0 + 0) / 
200]

[Stage 7:=====>          (64 + 8) / 
200][Stage 10:>               (0 + 0) / 
200]

[Stage 7:=====>          (66 + 8) / 
200][Stage 10:>               (0 + 0) / 
200]

[Stage 7:=====>          (69 + 8) / 
200][Stage 10:>               (0 + 0) / 
200]

[Stage 7:=====>          (70 + 8) / 
200][Stage 10:>               (0 + 0) / 
200]

[Stage 7:=====>          (71 + 8) / 
200][Stage 10:>               (0 + 0) / 
200]

[Stage 7:=====>          (72 + 8) / 
200][Stage 10:>               (0 + 0) / 
200]

[Stage 7:======>         (76 + 8) / 
200][Stage 10:>               (0 + 0) / 
200]

[Stage 7:======>         (78 + 8) / 
200][Stage 10:>               (0 + 0) / 
200]

[Stage 7:======>         (79 + 8) / 
200][Stage 10:>               (0 + 0) / 
200]

[Stage 7:======>         (80 + 8) / 
200][Stage 10:>               (0 + 0) / 
200]

[Stage 7:======>         (84 + 8) / 
200][Stage 10:>               (0 + 0) / 
200]

[Stage 7:======>         (85 + 8) / 
200][Stage 10:>               (0 + 0) / 
200]

[Stage 7:======>         (87 + 8) / 
200][Stage 10:>               (0 + 0) / 
200]

[Stage 7:=======>        (88 + 8) / 
200][Stage 10:>               (0 + 0) / 
200]

[Stage 7:=======>        (92 + 8) / 
200][Stage 10:>               (0 + 0) / 
200]

[Stage 7:=======>        (93 + 8) / 
200][Stage 10:>               (0 + 0) / 
200]

[Stage 7:=======>        (94 + 8) / 
200][Stage 10:>               (0 + 0) / 
200]

[Stage 7:=======>        (96 + 8) / 
200][Stage 10:>               (0 + 0) / 
200]

[Stage 7:=======>       (100 + 8) / 
200][Stage 10:>               (0 + 0) / 
200]

[Stage 7:=======>       (101 + 8) / 
200][Stage 10:>               (0 + 0) / 
200]

[Stage 7:=======>       (103 + 8) / 
200][Stage 10:>               (0 + 0) / 
200]

[Stage 7:=======>       (104 + 8) / 
200][Stage 10:>               (0 + 0) / 
200]

[Stage 7:=======>       (106 + 8) / 
200][Stage 10:>               (0 + 0) / 
200]

[Stage 7:========>      (108 + 8) / 
200][Stage 10:>               (0 + 0) / 
200]

[Stage 7:========>      (109 + 8) / 
200][Stage 10:>               (0 + 0) / 
200]

[Stage 7:========>      (111 + 8) / 
200][Stage 10:>               (0 + 0) / 
200]

[Stage 7:========>      (112 + 8) / 
200][Stage 10:>               (0 + 0) / 
200]

[Stage 7:========>      (114 + 8) / 
200][Stage 10:>               (0 + 0) / 
200]

[Stage 7:========>      (116 + 8) / 
200][Stage 10:>               (0 + 0) / 
200]

[Stage 7:========>      (117 + 8) / 
200][Stage 10:>               (0 + 0) / 
200]

[Stage 7:========>      (119 + 8) / 
200][Stage 10:>               (0 + 0) / 
200]

[Stage 7:=========>     (120 + 8) / 
200][Stage 10:>               (0 + 0) / 
200]

[Stage 7:=========>     (124 + 8) / 
200][Stage 10:>               (0 + 0) / 
200]

[Stage 7:=========>     (126 + 8) / 
200][Stage 10:>               (0 + 0) / 
200]

[Stage 7:=========>     (128 + 8) / 
200][Stage 10:>               (0 + 0) / 
200]

[Stage 7:=========>     (132 + 8) / 
200][Stage 10:>               (0 + 0) / 
200]

[Stage 7:==========>    (134 + 8) / 
200][Stage 10:>               (0 + 0) / 
200]

[Stage 7:==========>    (136 + 8) / 
200][Stage 10:>               (0 + 0) / 
200]

[Stage 7:==========>    (137 + 8) / 
200][Stage 10:>               (0 + 0) / 
200]

[Stage 7:==========>    (140 + 8) / 
200][Stage 10:>               (0 + 0) / 
200]

[Stage 7:==========>    (141 + 8) / 
200][Stage 10:>               (0 + 0) / 
200]

[Stage 7:==========>    (143 + 8) / 
200][Stage 10:>               (0 + 0) / 
200]

[Stage 7:==========>    (144 + 8) / 
200][Stage 10:>               (0 + 0) / 
200]

[Stage 7:===========>   (147 + 8) / 
200][Stage 10:>               (0 + 0) / 
200]

[Stage 7:===========>   (149 + 8) / 
200][Stage 10:>               (0 + 0) / 
200]

[Stage 7:===========>   (151 + 8) / 
200][Stage 10:>               (0 + 0) / 
200]

[Stage 7:===========>   (152 + 8) / 
200][Stage 10:>               (0 + 0) / 
200]

[Stage 7:===========>   (154 + 8) / 
200][Stage 10:>               (0 + 0) / 
200]

[Stage 7:===========>   (157 + 8) / 
200][Stage 10:>               (0 + 0) / 
200]

[Stage 7:===========>   (158 + 8) / 
200][Stage 10:>               (0 + 0) / 
200]

[Stage 7:============>  (160 + 8) / 
200][Stage 10:>               (0 + 0) / 
200]

[Stage 7:============>  (163 + 8) / 
200][Stage 10:>               (0 + 0) / 
200]

[Stage 7:============>  (165 + 8) / 
200][Stage 10:>               (0 + 0) / 
200]

[Stage 7:============>  (166 + 8) / 
200][Stage 10:>               (0 + 0) / 
200]

[Stage 7:============>  (167 + 8) / 
200][Stage 10:>               (0 + 0) / 
200]

[Stage 7:============>  (168 + 8) / 
200][Stage 10:>               (0 + 0) / 
200]

[Stage 7:============>  (169 + 8) / 
200][Stage 10:>               (0 + 0) / 
200]

[Stage 7:============>  (173 + 8) / 
200][Stage 10:>               (0 + 0) / 
200]

[Stage 7:=============> (174 + 8) / 
200][Stage 10:>               (0 + 0) / 
200]

[Stage 7:=============> (176 + 8) / 
200][Stage 10:>               (0 + 0) / 
200]

[Stage 7:=============> (180 + 8) / 
200][Stage 10:>               (0 + 0) / 
200]

[Stage 7:=============> (181 + 8) / 
200][Stage 10:>               (0 + 0) / 
200]

[Stage 7:=============> (183 + 8) / 
200][Stage 10:>               (0 + 0) / 
200]

[Stage 7:=============> (184 + 8) / 
200][Stage 10:>               (0 + 0) / 
200]

[Stage 7:=============> (186 + 8) / 
200][Stage 10:>               (0 + 0) / 
200]

[Stage 7:==============>(189 + 8) / 
200][Stage 10:>               (0 + 0) / 
200]

[Stage 7:==============>(190 + 8) / 
200][Stage 10:>               (0 + 0) / 
200]

[Stage 7:==============>(191 + 8) / 
200][Stage 10:>               (0 + 0) / 
200]

[Stage 7:==============>(192 + 8) / 
200][Stage 10:>               (0 + 0) / 
200]

[Stage 7:==============>(196 + 4) / 
200][Stage 10:>               (0 + 4) / 
200]

[Stage 7:==============>(197 + 3) / 
200][Stage 10:>               (0 + 5) / 
200]

[Stage 7:==============>(199 + 1) / 
200][Stage 10:>               (0 + 7) / 
200]

[Stage 10:>                               
                        (0 + 8) / 200]

[Stage 10:>                               
                        (2 + 7) / 200]

-------------------------------------------
Batch: 0
-------------------------------------------
+-------+-----+
|service|count|
+-------+-----+
+-------+-----+

                                          
                                      

[Stage 10:=>                              
                        (5 + 8) / 200]

[Stage 10:=>                              
                        (7 + 8) / 200]

[Stage 10:==>                             
                        (8 + 8) / 200]

[Stage 10:==>                             
                        (9 + 8) / 200]

[Stage 10:===>                            
                       (11 + 8) / 200]

[Stage 10:===>                            
                       (13 + 8) / 200]

[Stage 10:===>                            
                       (14 + 8) / 200]

[Stage 10:====>                           
                       (15 + 8) / 200]

[Stage 10:====>                           
                       (17 + 8) / 200]

[Stage 10:=====>                          
                       (21 + 8) / 200]

[Stage 10:======>                         
                       (22 + 8) / 200]

[Stage 10:======>                         
                       (23 + 8) / 200]

[Stage 10:======>                         
                       (25 + 8) / 200]

[Stage 10:=======>                        
                       (28 + 8) / 200]

[Stage 10:=======>                        
                       (29 + 8) / 200]

[Stage 10:========>                       
                       (30 + 8) / 200]

[Stage 10:========>                       
                       (31 + 8) / 200]

[Stage 10:=========>                      
                       (35 + 8) / 200]

[Stage 10:==========>                     
                       (37 + 8) / 200]

[Stage 10:==========>                     
                       (39 + 8) / 200]

[Stage 10:============>                   
                       (44 + 8) / 200]

[Stage 10:============>                   
                       (45 + 8) / 200]

[Stage 10:============>                   
                       (47 + 8) / 200]

[Stage 10:=============>                  
                       (49 + 8) / 200]

[Stage 10:==============>                 
                       (52 + 8) / 200]

[Stage 10:==============>                 
                       (53 + 8) / 200]

[Stage 10:===============>                
                       (55 + 8) / 200]

[Stage 10:===============>                
                       (58 + 8) / 200]

[Stage 10:================>               
                       (60 + 8) / 200]

[Stage 10:================>               
                       (61 + 8) / 200]

[Stage 10:=================>              
                       (63 + 8) / 200]

[Stage 10:==================>             
                       (67 + 8) / 200]

[Stage 10:==================>             
                       (69 + 8) / 200]

[Stage 10:===================>            
                       (71 + 8) / 200]

[Stage 10:====================>           
                       (73 + 8) / 200]

[Stage 10:====================>           
                       (76 + 8) / 200]

[Stage 10:=====================>          
                       (77 + 8) / 200]

[Stage 10:=====================>          
                       (79 + 8) / 200]

[Stage 10:======================>         
                       (83 + 8) / 200]

[Stage 10:=======================>        
                       (85 + 8) / 200]

[Stage 10:=======================>        
                       (87 + 8) / 200]

[Stage 10:=========================>      
                       (91 + 8) / 200]

[Stage 10:=========================>      
                       (93 + 8) / 200]

[Stage 10:==========================>     
                       (95 + 8) / 200]

[Stage 10:==========================>     
                       (98 + 8) / 200]

[Stage 10:===========================>    
                      (101 + 8) / 200]

[Stage 10:===========================>    
                      (103 + 8) / 200]

[Stage 10:============================>   
                      (107 + 8) / 200]

[Stage 10:=============================>  
                      (109 + 8) / 200]

[Stage 10:=============================>  
                      (111 + 8) / 200]

[Stage 
10:===============================>       
               (115 + 8) / 200]

[Stage 
10:===============================>       
               (117 + 8) / 200]

[Stage 
10:================================>      
               (119 + 8) / 200]

[Stage 
10:================================>      
               (120 + 8) / 200]

[Stage 
10:=================================>     
               (124 + 8) / 200]

[Stage 
10:=================================>     
               (125 + 8) / 200]

[Stage 
10:==================================>    
               (127 + 8) / 200]

[Stage 
10:===================================>   
               (130 + 8) / 200]

[Stage 
10:===================================>   
               (133 + 8) / 200]

[Stage 
10:====================================>  
               (135 + 8) / 200]

[Stage 
10:====================================>  
               (136 + 8) / 200]

[Stage 10:================================
======>               (141 + 8) / 200]

[Stage 10:================================
======>               (143 + 8) / 200]

[Stage 10:================================
=======>              (146 + 8) / 200]

[Stage 10:================================
========>             (149 + 8) / 200]

[Stage 10:================================
========>             (151 + 8) / 200]

[Stage 10:================================
=========>            (153 + 8) / 200]

[Stage 10:================================
==========>           (157 + 8) / 200]

[Stage 10:================================
==========>           (158 + 8) / 200]

[Stage 10:================================
==========>           (159 + 8) / 200]

[Stage 10:================================
============>         (163 + 8) / 200]

[Stage 10:================================
============>         (165 + 8) / 200]

[Stage 10:================================
=============>        (167 + 8) / 200]

[Stage 10:================================
=============>        (167 + 9) / 200]

[Stage 10:================================
==============>       (171 + 8) / 200]

[Stage 10:================================
==============>       (173 + 8) / 200]

[Stage 10:================================
==============>       (174 + 8) / 200]

[Stage 10:================================
===============>      (176 + 8) / 200]

[Stage 10:================================
================>     (179 + 8) / 200]

[Stage 10:================================
================>     (181 + 8) / 200]

[Stage 10:================================
=================>    (183 + 8) / 200]

[Stage 10:================================
=================>    (184 + 8) / 200]

[Stage 10:================================
===================>  (189 + 8) / 200]

[Stage 10:================================
===================>  (190 + 8) / 200]

[Stage 10:================================
===================>  (191 + 8) / 200]

[Stage 10:================================
====================> (195 + 5) / 200]

[Stage 10:================================
=====================>(197 + 3) / 200]

[Stage 10:================================
=====================>(199 + 1) / 200]

-------------------------------------------
Batch: 0
-------------------------------------------
+-----+-----+
|level|count|
+-----+-----+
|DEBUG|1    |
+-----+-----+

